Copyright 1986-2022 Xilinx, Inc. All Rights Reserved.
---------------------------------------------------------------------------------------------------------
| Tool Version : Vivado v.2022.2 (lin64) Build 3671981 Fri Oct 14 04:59:54 MDT 2022
| Date         : Mon Sep 21 14:37:52 2026
| Host         : NC-AI-Lab running 64-bit Ubuntu 22.04.5 LTS
| Command      : report_utilization -hierarchical -hierarchical_depth 4 -file dide_debug_utilization.rpt
| Design       : func
| Device       : xc7z010clg400-1
| Speed File   : -1
| Design State : Synthesized
---------------------------------------------------------------------------------------------------------

Utilization Design Information

Table of Contents
-----------------
1. Utilization by Hierarchy

1. Utilization by Hierarchy
---------------------------

+----------------------------------------+--------------------------------------+------------+------------+---------+------+-----+--------+--------+------------+
|                Instance                |                Module                | Total LUTs | Logic LUTs | LUTRAMs | SRLs | FFs | RAMB36 | RAMB18 | DSP Blocks |
+----------------------------------------+--------------------------------------+------------+------------+---------+------+-----+--------+--------+------------+
| func                                   |                                (top) |        169 |        169 |       0 |    0 | 319 |      0 |      0 |          0 |
|   (func)                               |                                (top) |         59 |         59 |       0 |    0 |  44 |      0 |      0 |          0 |
|   dbg_hub                              |                           dbg_hub_CV |          0 |          0 |       0 |    0 |   0 |      0 |      0 |          0 |
|   dide_ila_0                           |                        dide_ila_0_CV |          0 |          0 |       0 |    0 |   0 |      0 |      0 |          0 |
|   dide_ila_1                           |                        dide_ila_1_CV |          0 |          0 |       0 |    0 |   0 |      0 |      0 |          0 |
|   dide_vio_0_inst                      |                           dide_vio_0 |        110 |        110 |       0 |    0 | 275 |      0 |      0 |          0 |
|     (dide_vio_0_inst)                  |                           dide_vio_0 |          0 |          0 |       0 |    0 |   0 |      0 |      0 |          0 |
|     inst                               |           dide_vio_0_vio_v3_0_23_vio |        110 |        110 |       0 |    0 | 275 |      0 |      0 |          0 |
|       (inst)                           |           dide_vio_0_vio_v3_0_23_vio |          0 |          0 |       0 |    0 |  16 |      0 |      0 |          0 |
|       DECODER_INST                     |       dide_vio_0_vio_v3_0_23_decoder |         22 |         22 |       0 |    0 |  49 |      0 |      0 |          0 |
|       PROBE_IN_INST                    |  dide_vio_0_vio_v3_0_23_probe_in_one |         10 |         10 |       0 |    0 |  34 |      0 |      0 |          0 |
|       PROBE_OUT_ALL_INST               | dide_vio_0_vio_v3_0_23_probe_out_all |          1 |          1 |       0 |    0 |  15 |      0 |      0 |          0 |
|         (PROBE_OUT_ALL_INST)           | dide_vio_0_vio_v3_0_23_probe_out_all |          1 |          1 |       0 |    0 |   7 |      0 |      0 |          0 |
|         G_PROBE_OUT[0].PROBE_OUT0_INST | dide_vio_0_vio_v3_0_23_probe_out_one |          0 |          0 |       0 |    0 |   8 |      0 |      0 |          0 |
|       U_XSDB_SLAVE                     |        dide_vio_0_xsdbs_v1_0_2_xsdbs |         77 |         77 |       0 |    0 | 161 |      0 |      0 |          0 |
+----------------------------------------+--------------------------------------+------------+------------+---------+------+-----+--------+--------+------------+


